--- [Step 1] Login & Auth Persistence Check ---
[Browser Console] %cDownload the React DevTools for a better development experience: https://react.dev/link/react-devtools font-weight:bold
[Browser Console] [Auth] initializeAuth started
[Browser Console] [Auth] initializeAuth found session: undefined
[Browser Console] [Auth] No session found in getSession, waiting 500ms...
[Browser Console] [Auth] onAuthStateChange: INITIAL_SESSION undefined
[Browser Console] [Auth] Ignoring null session because loading=true
Testing Refresh Persistence...
[Browser Console] [Auth] Setting loading=false after delay
[Browser Console] %cDownload the React DevTools for a better development experience: https://react.dev/link/react-devtools font-weight:bold
[Browser Console] [Auth] initializeAuth started
[Browser Console] [Auth] initializeAuth found session: undefined
[Browser Console] [Auth] No session found in getSession, waiting 500ms...
[Browser Console] [Auth] onAuthStateChange: INITIAL_SESSION undefined
[Browser Console] [Auth] Ignoring null session because loading=true
[Browser Console] [Auth] Setting loading=false after delay
[Browser Console] Failed to load resource: the server responded with a status of 500 (Internal Server Error)
python : Traceback (most recent call last):
At line:1 char:1
+ python testsprite_tests/TC_Functional_DeepDive.py >
 test_output.txt 2 ...
+ ~~~~~~~~~~~~~~~~~~~~~~~~~~~~~~~~~~~~~~~~~~~~~~~~~~~
~~~~~~~~~~~~~~~~~~
    + CategoryInfo          : NotSpecified: (Traceba 
   ck (most recent call last)::String) [], RemoteEx  
  ception
    + FullyQualifiedErrorId : NativeCommandError
 
  File "D:\bible-together\testsprite_tests\TC_Functio
nal_DeepDive.py", line 164, in <module>
    asyncio.run(run_test())
  File "C:\Users\kimsi\AppData\Local\Programs\Python\
Python310\lib\asyncio\runners.py", line 44, in run
    return loop.run_until_complete(main)
  File "C:\Users\kimsi\AppData\Local\Programs\Python\
Python310\lib\asyncio\base_events.py", line 649, in r
un_until_complete
    return future.result()
  File "D:\bible-together\testsprite_tests\TC_Functio
nal_DeepDive.py", line 33, in run_test
    raise AssertionError("FAILED: Logged out after re
fresh!")
AssertionError: FAILED: Logged out after refresh!
